Neoepitope	Chromsome	Pos	Ref	Alt	Mutation_type	VAF	Transcript_ID	netMHCIIpan3_HLA*A01:01_rank	netMHCpan4_HLA*A01:01_affinity	netMHCpan4_HLA*A01:01_rank	netMHCIIpan3_HLA*A02:01_rank	netMHCpan4_HLA*A02:01_affinity	netMHCpan4_HLA*A02:01_rank
CGCSQKCN	11	71277056	''	AAA	Insertion	0.1	ENST00000398531.2_2	5	10000.0	1	5	150	4
CGCSQKCN	4	300000	A	T	SNV	10.2	ENST00000398554.1_1	5	10000.0	1	5	150	4
PVCCPCKI	11	71277229	A	C	SNV	15.7;20.3	ENST00000398531.2_2;ENST00000398200.3_1	10	50.57	1.2	3	10.1	7
