BLOCK: offset: 4673 len: 2 phased: 2 SPAN: 2 fragments 9
4673	0	1	11	20114542	A	C	0/1:.:20:19:0:0%:18,1,0,0:.:2	0	.	100.00
4674	0	1	11	20114544	A	C	0/1:.:20:18:0:0%:17,1,0,0:.:2	0	.	100.00
********
BLOCK: offset: 4684 len: 2 phased: 2 SPAN: 6 fragments 27
4684	0	1	11	56099004	C	T	0/1:.:30:30:0:0%:14,16,0,0:.:2	0	.	100.00
4685	1	0	11	56099010	A	G	0/1:.:29:29:0:0%:15,14,0,0:.:2	0	.	100.00
********
BLOCK: offset: 4706 len: 2 phased: 2 SPAN: 39 fragments 73
4706	0	1	11	71276861	TGT	T	0/1:.:53:52:0:0%:22,30,0,0:.:2	0	.	100.00
4707	0	1	11	71276900	C	G	0/1:.:35:34:0:0%:19,15,0,0:.:2	0	.	100.00
4708	0	1	11	71277000	G	GAA	0/1:.:35:34:0:0%:19,15,0,0:.:2	0	.	100.00
********
BLOCK: unphased
4758	1	0	11	134015873	GCAG	TT	0/1:.:53:52:0:0%:22,30,0,0:.:2	0	.	100.00
********
BLOCK: unphased
4759	1	1	11	134018663	A	G	1/1:.:17:17:0:0%:17,0,0,0:.:2	0	.	23.00
********
BLOCK: unphased
4760	0	1	11	134019062	T	C	0/1:.:38:38:0:0%:31,7,0,0:.:2	0	.	23.00
********