# Neoepiscope version 0.3.5; run 2019-07-26
Neoepitope	Chromosome	Pos	Ref	Alt	Mutation_type	VAF	Paired_normal_epitope	Warnings	Transcript_ID	netMHCIIpan3_HLA*A01:01_rank	netMHCpan4_HLA*A01:01_affinity	netMHCpan4_HLA*A01:01_rank	netMHCIIpan3_HLA*A02:01_rank	netMHCpan4_HLA*A02:01_affinity	netMHCpan4_HLA*A02:01_rank
CGCSQKCN	11	71277056	*	AAA	I	0.001	NA	NA	ENST00000398531.2_2	5	10000.0	1	5	150	4
CGCSQKCN	4	300000	A	T	V	0.102	CGCSQCNN	NA	ENST00000398554.1_1	5	10000.0	1	5	150	4
PVCCPCKI	11	71277229	A	C	V	0.157	PVCCQCKI	NA	 ENST00000398531.2_2	10	50.57	1.2	3	10.1	7
PVCCPCKI	11	71277229	A	C	V	0.203	PVCCQCKI	NA	ENST00000398200.3_1	10	50.57	1.2	3	10.1	7
