BLOCK: offset: ...
1	1	0	11	71276862	TGT	T	0/0:0%	0	0.0	100.0
2	1	0	11	71276900	C	G	0/0:0%:	0	0.0	100.0
********
BLOCK: offset: ...
4	1	1	11	71279000	TGT	T	0/0:0%	0	0.0	100.0
5	1	0	11	71279100	C	G	0/0:0%	0	0.0	100.0
